// Jest Snapshot v1, https://goo.gl/fbAQLP

exports[`getLetters should get the value 1`] = `"VTWBPYAQFU"`;

exports[`getSteps should get the value 1`] = `17358`;
