// Jest Snapshot v1, https://goo.gl/fbAQLP

exports[`getDelay should get the value 1`] = `3946838`;

exports[`getSeverity should get the value 1`] = `1728`;
