// Jest Snapshot v1, https://goo.gl/fbAQLP

exports[`executeProgram should get the value 1`] = `5744`;
