// Jest Snapshot v1, https://goo.gl/fbAQLP

exports[`getChecksum should print the answer 1`] = `44670`;
