// Jest Snapshot v1, https://goo.gl/fbAQLP

exports[`countInfectionBurst should get the value 1`] = `5339`;
