// Jest Snapshot v1, https://goo.gl/fbAQLP

exports[`getNextGrid should get the value 1`] = `171`;
