// Jest Snapshot v1, https://goo.gl/fbAQLP

exports[`executeProgram should get the debug value 1`] = `3025`;
