// Jest Snapshot v1, https://goo.gl/fbAQLP

exports[`getDistance should print the answer 1`] = `419`;
