// Jest Snapshot v1, https://goo.gl/fbAQLP

exports[`scoreGroups should get the value 1`] = `14204`;
